{
  "version": "1.5.0",
  "plugins_used": [
    {
      "name": "ArtifactoryDetector"
    },
    {
      "name": "AWSKeyDetector"
    },
    {
      "name": "AzureStorageKeyDetector"
    },
    {
      "name": "Base64HighEntropyString",
      "limit": 4.5
    },
    {
      "name": "BasicAuthDetector"
    },
    {
      "name": "CloudantDetector"
    },
    {
      "name": "DiscordBotTokenDetector"
    },
    {
      "name": "GitHubTokenDetector"
    },
    {
      "name": "GitLabTokenDetector"
    },
    {
      "name": "HexHighEntropyString",
      "limit": 3.0
    },
    {
      "name": "IbmCloudIamDetector"
    },
    {
      "name": "IbmCosHmacDetector"
    },
    {
      "name": "IPPublicDetector"
    },
    {
      "name": "JwtTokenDetector"
    },
    {
      "name": "KeywordDetector",
      "keyword_exclude": ""
    },
    {
      "name": "MailchimpDetector"
    },
    {
      "name": "NpmDetector"
    },
    {
      "name": "OpenAIDetector"
    },
    {
      "name": "PrivateKeyDetector"
    },
    {
      "name": "PypiTokenDetector"
    },
    {
      "name": "SendGridDetector"
    },
    {
      "name": "SlackDetector"
    },
    {
      "name": "SoftlayerDetector"
    },
    {
      "name": "SquareOAuthDetector"
    },
    {
      "name": "StripeDetector"
    },
    {
      "name": "TelegramBotTokenDetector"
    },
    {
      "name": "TwilioKeyDetector"
    }
  ],
  "filters_used": [
    {
      "path": "detect_secrets.filters.allowlist.is_line_allowlisted"
    },
    {
      "path": "detect_secrets.filters.common.is_baseline_file",
      "filename": ".secrets.baseline"
    },
    {
      "path": "detect_secrets.filters.common.is_ignored_due_to_verification_policies",
      "min_level": 2
    },
    {
      "path": "detect_secrets.filters.heuristic.is_indirect_reference"
    },
    {
      "path": "detect_secrets.filters.heuristic.is_likely_id_string"
    },
    {
      "path": "detect_secrets.filters.heuristic.is_lock_file"
    },
    {
      "path": "detect_secrets.filters.heuristic.is_not_alphanumeric_string"
    },
    {
      "path": "detect_secrets.filters.heuristic.is_potential_uuid"
    },
    {
      "path": "detect_secrets.filters.heuristic.is_prefixed_with_dollar_sign"
    },
    {
      "path": "detect_secrets.filters.heuristic.is_sequential_string"
    },
    {
      "path": "detect_secrets.filters.heuristic.is_swagger_file"
    },
    {
      "path": "detect_secrets.filters.heuristic.is_templated_secret"
    },
    {
      "path": "detect_secrets.filters.regex.should_exclude_file",
      "pattern": [
        "^\\.venv/|^frontend/node_modules/|^frontend/dist/|\\.egg-info/"
      ]
    }
  ],
  "results": {
    ".env.example": [
      {
        "type": "Basic Auth Credentials",
        "filename": ".env.example",
        "hashed_secret": "7205a0abf00d1daec13c63ece029057c974795a9",
        "is_verified": false,
        "line_number": 26,
        "is_secret": false
      }
    ],
    ".github\\workflows\\ci.yml": [
      {
        "type": "Basic Auth Credentials",
        "filename": ".github\\workflows\\ci.yml",
        "hashed_secret": "ce7501007f04a6529e650f1f1b3fc0586d1d94eb",
        "is_verified": false,
        "line_number": 115,
        "is_secret": false
      },
      {
        "type": "Basic Auth Credentials",
        "filename": ".github\\workflows\\ci.yml",
        "hashed_secret": "50bec25ff1ff59e8c328d1584e575bfbe6c37cf3",
        "is_verified": false,
        "line_number": 187,
        "is_secret": false
      },
      {
        "type": "Basic Auth Credentials",
        "filename": ".github\\workflows\\ci.yml",
        "hashed_secret": "493b7174cb6bf9032361f52dac04e11f4b59e1e6",
        "is_verified": false,
        "line_number": 188,
        "is_secret": false
      },
      {
        "type": "Secret Keyword",
        "filename": ".github\\workflows\\ci.yml",
        "hashed_secret": "bb36cb165ebbae103fb7c27677d929d788e12785",
        "is_verified": false,
        "line_number": 270,
        "is_secret": false
      }
    ],
    "docs\\PHASE-2.10-STATUS.md": [
      {
        "type": "Basic Auth Credentials",
        "filename": "docs\\PHASE-2.10-STATUS.md",
        "hashed_secret": "ce7501007f04a6529e650f1f1b3fc0586d1d94eb",
        "is_verified": false,
        "line_number": 375,
        "is_secret": false
      }
    ],
    "docs\\PHASE-2.17-RELEASE-VALIDATION.md": [
      {
        "type": "Basic Auth Credentials",
        "filename": "docs\\PHASE-2.17-RELEASE-VALIDATION.md",
        "hashed_secret": "ce7501007f04a6529e650f1f1b3fc0586d1d94eb",
        "is_verified": false,
        "line_number": 85,
        "is_secret": false
      }
    ],
    "docs\\PHASE-2.41-DB-MIGRATION-ROLLBACK-VALIDATION.md": [
      {
        "type": "Basic Auth Credentials",
        "filename": "docs\\PHASE-2.41-DB-MIGRATION-ROLLBACK-VALIDATION.md",
        "hashed_secret": "4f4944a7117fd2e95169da2b40af33b68a65a161",
        "is_verified": false,
        "line_number": 75,
        "is_secret": false
      }
    ],
    "docs\\PHASE-2.6-STATUS.md": [
      {
        "type": "Basic Auth Credentials",
        "filename": "docs\\PHASE-2.6-STATUS.md",
        "hashed_secret": "ce7501007f04a6529e650f1f1b3fc0586d1d94eb",
        "is_verified": false,
        "line_number": 317,
        "is_secret": false
      }
    ],
    "docs\\PHASE-2.7-STATUS.md": [
      {
        "type": "Basic Auth Credentials",
        "filename": "docs\\PHASE-2.7-STATUS.md",
        "hashed_secret": "ce7501007f04a6529e650f1f1b3fc0586d1d94eb",
        "is_verified": false,
        "line_number": 264,
        "is_secret": false
      }
    ],
    "scripts\\offhost_backup.py": [
      {
        "type": "Secret Keyword",
        "filename": "scripts\\offhost_backup.py",
        "hashed_secret": "db5223e1eeb5b73460fd1a323a477e12412d6166",
        "is_verified": false,
        "line_number": 27,
        "is_secret": false
      }
    ],
    "tests\\agents\\test_config.py": [
      {
        "type": "Secret Keyword",
        "filename": "tests\\agents\\test_config.py",
        "hashed_secret": "298b98a23fde310389d010cecbf058133730dc95",
        "is_verified": false,
        "line_number": 31,
        "is_secret": false
      }
    ],
    "tests\\architecture\\test_import_side_effects.py": [
      {
        "type": "Basic Auth Credentials",
        "filename": "tests\\architecture\\test_import_side_effects.py",
        "hashed_secret": "ce7501007f04a6529e650f1f1b3fc0586d1d94eb",
        "is_verified": false,
        "line_number": 28,
        "is_secret": false
      }
    ],
    "tests\\architecture\\test_phase2_0_docs.py": [
      {
        "type": "Hex High Entropy String",
        "filename": "tests\\architecture\\test_phase2_0_docs.py",
        "hashed_secret": "8a1a6a9a36807c49bac1e13ea13265b66093ae28",
        "is_verified": false,
        "line_number": 20,
        "is_secret": false
      },
      {
        "type": "Hex High Entropy String",
        "filename": "tests\\architecture\\test_phase2_0_docs.py",
        "hashed_secret": "0a345523fefbbcec6879c9adfe63117a441ca0ac",
        "is_verified": false,
        "line_number": 30,
        "is_secret": false
      },
      {
        "type": "Hex High Entropy String",
        "filename": "tests\\architecture\\test_phase2_0_docs.py",
        "hashed_secret": "6fca3e28c5ae11aea61611ddcf6d175a03b5456d",
        "is_verified": false,
        "line_number": 31,
        "is_secret": false
      }
    ],
    "tests\\conftest.py": [
      {
        "type": "Basic Auth Credentials",
        "filename": "tests\\conftest.py",
        "hashed_secret": "ce7501007f04a6529e650f1f1b3fc0586d1d94eb",
        "is_verified": false,
        "line_number": 32,
        "is_secret": false
      }
    ],
    "tests\\integration\\README.md": [
      {
        "type": "Basic Auth Credentials",
        "filename": "tests\\integration\\README.md",
        "hashed_secret": "4f4944a7117fd2e95169da2b40af33b68a65a161",
        "is_verified": false,
        "line_number": 50,
        "is_secret": false
      }
    ],
    "tests\\ops\\test_offhost_backup.py": [
      {
        "type": "Basic Auth Credentials",
        "filename": "tests\\ops\\test_offhost_backup.py",
        "hashed_secret": "f3bbbd66a63d4bf1747940578ec3d0103530e21d",
        "is_verified": false,
        "line_number": 230,
        "is_secret": false
      }
    ],
    "tests\\ops\\test_recovery_drill.py": [
      {
        "type": "Secret Keyword",
        "filename": "tests\\ops\\test_recovery_drill.py",
        "hashed_secret": "76ed0a056aa77060de25754586440cff390791d0",
        "is_verified": false,
        "line_number": 111,
        "is_secret": false
      }
    ],
    "tests\\scripts\\test_check_security.py": [
      {
        "type": "Secret Keyword",
        "filename": "tests\\scripts\\test_check_security.py",
        "hashed_secret": "cf05e95c3b70cfcb6f7e2c09f7a45d21ce9bf922",
        "is_verified": false,
        "line_number": 125,
        "is_secret": false
      }
    ],
    "tests\\test_migrations.py": [
      {
        "type": "Basic Auth Credentials",
        "filename": "tests\\test_migrations.py",
        "hashed_secret": "ce7501007f04a6529e650f1f1b3fc0586d1d94eb",
        "is_verified": false,
        "line_number": 25,
        "is_secret": false
      }
    ],
    "voiceagent\\providers\\call_intelligence\\groq.py": [
      {
        "type": "Secret Keyword",
        "filename": "voiceagent\\providers\\call_intelligence\\groq.py",
        "hashed_secret": "1a37d41260f96724ee881be5e261b4d043f0626b",
        "is_verified": false,
        "line_number": 27,
        "is_secret": false
      }
    ],
    "voiceagent\\providers\\llm\\gemini.py": [
      {
        "type": "Secret Keyword",
        "filename": "voiceagent\\providers\\llm\\gemini.py",
        "hashed_secret": "3e10d010e7dfb478858d30459fa03f3824340d47",
        "is_verified": false,
        "line_number": 51,
        "is_secret": false
      }
    ],
    "voiceagent\\providers\\stt\\assemblyai.py": [
      {
        "type": "Secret Keyword",
        "filename": "voiceagent\\providers\\stt\\assemblyai.py",
        "hashed_secret": "4f96404670d9403d99f1c73134ce015bdec7e17c",
        "is_verified": false,
        "line_number": 51,
        "is_secret": false
      }
    ],
    "voiceagent\\providers\\stt\\deepgram.py": [
      {
        "type": "Secret Keyword",
        "filename": "voiceagent\\providers\\stt\\deepgram.py",
        "hashed_secret": "2fcbdce3f86b0cf81f5b51a4e7994f7675d03060",
        "is_verified": false,
        "line_number": 57,
        "is_secret": false
      }
    ],
    "voiceagent\\providers\\tts\\deepgram_aura.py": [
      {
        "type": "Secret Keyword",
        "filename": "voiceagent\\providers\\tts\\deepgram_aura.py",
        "hashed_secret": "2fcbdce3f86b0cf81f5b51a4e7994f7675d03060",
        "is_verified": false,
        "line_number": 39,
        "is_secret": false
      }
    ],
    "voiceagent\\providers\\tts\\elevenlabs.py": [
      {
        "type": "Secret Keyword",
        "filename": "voiceagent\\providers\\tts\\elevenlabs.py",
        "hashed_secret": "1b447eca6f69c26354668f050d0c2cc893605aa5",
        "is_verified": false,
        "line_number": 55,
        "is_secret": false
      }
    ]
  },
  "generated_at": "2026-10-09T21:17:46Z"
}
